<?xml version="1.0" encoding="utf-8"?>
<TestRun id="d6336a11-aac7-49e3-8093-67d43c2a8085" name="huangd@LNGSHAL-569 2026-05-08 17:55:56" runUser="LEGAL\huangd" xmlns="http://microsoft.com/schemas/VisualStudio/TeamTest/2010">
  <Times creation="2026-05-08T17:55:56.4940209+08:00" queuing="2026-05-08T17:55:56.4940220+08:00" start="2026-05-08T17:55:54.9731536+08:00" finish="2026-05-08T17:55:57.8923643+08:00" />
  <TestSettings name="default" id="d66eac7e-b4fd-4e71-a3da-b0ac733e3159">
    <Deployment runDeploymentRoot="huangd_LNGSHAL-569_2026-05-08_17_55_56" />
  </TestSettings>
  <Results>
    <UnitTestResult executionId="cdccd3b6-b735-4d82-a796-a2feaba3fb21" testId="b3784af2-7d06-c30c-96b4-a3e9870693b2" testName="BioTwin_AI.Tests.Services.AuthServiceTests.LoginAsync_WithIncorrectPassword_ReturnsFalse" computerName="LNGSHAL-569" duration="00:00:00.0599812" startTime="2026-05-08T17:55:57.7160456+08:00" endTime="2026-05-08T17:55:57.7160464+08:00" testType="13cdc9d9-ddb5-4fa4-a97d-d965ccfc6d4b" outcome="Passed" testListId="8c84fa94-04c1-424b-9868-57a2d4851a1d" relativeResultsDirectory="cdccd3b6-b735-4d82-a796-a2feaba3fb21" />
    <UnitTestResult executionId="9534937b-b042-4776-87bb-971c21824c7a" testId="9162d907-4011-f8de-5ee0-345250c64078" testName="BioTwin_AI.Tests.Services.AuthServiceTests.LoginAsync_WithNonexistentUser_ReturnsFalse" computerName="LNGSHAL-569" duration="00:00:00.0011116" startTime="2026-05-08T17:55:57.7582602+08:00" endTime="2026-05-08T17:55:57.7582604+08:00" testType="13cdc9d9-ddb5-4fa4-a97d-d965ccfc6d4b" outcome="Passed" testListId="8c84fa94-04c1-424b-9868-57a2d4851a1d" relativeResultsDirectory="9534937b-b042-4776-87bb-971c21824c7a" />
    <UnitTestResult executionId="6fa68b15-b3ae-4141-9c85-ce4bae389d86" testId="f8388b8e-7013-91dc-bcb2-3641bc193a07" testName="BioTwin_AI.Tests.Services.AuthServiceTests.RegisterAsync_WithValidCredentials_CreatesUserAndSignsIn" computerName="LNGSHAL-569" duration="00:00:00.0340549" startTime="2026-05-08T17:55:57.6558171+08:00" endTime="2026-05-08T17:55:57.6558176+08:00" testType="13cdc9d9-ddb5-4fa4-a97d-d965ccfc6d4b" outcome="Passed" testListId="8c84fa94-04c1-424b-9868-57a2d4851a1d" relativeResultsDirectory="6fa68b15-b3ae-4141-9c85-ce4bae389d86" />
    <UnitTestResult executionId="875464bd-3d7a-4864-a798-aed0b522f1e4" testId="67fd6895-627f-d618-6023-f7ba3688774e" testName="BioTwin_AI.Tests.Services.RagServiceTests.SearchAsync_CandidateCanOnlySearchOwnResumes" computerName="LNGSHAL-569" duration="00:00:00.0371127" startTime="2026-05-08T17:55:57.6731646+08:00" endTime="2026-05-08T17:55:57.6731648+08:00" testType="13cdc9d9-ddb5-4fa4-a97d-d965ccfc6d4b" outcome="Passed" testListId="8c84fa94-04c1-424b-9868-57a2d4851a1d" relativeResultsDirectory="875464bd-3d7a-4864-a798-aed0b522f1e4" />
    <UnitTestResult executionId="132759b8-c54b-42e9-9b1d-bba26ebad9f9" testId="87490d1a-e3d2-e1bb-3b6c-9f4a057529a5" testName="BioTwin_AI.Tests.Services.AgentServiceTests.AnswerQuestionAsync_CandidateUsesFirstPersonPrompt" computerName="LNGSHAL-569" duration="00:00:00.0045722" startTime="2026-05-08T17:55:56.7594067+08:00" endTime="2026-05-08T17:55:56.7594078+08:00" testType="13cdc9d9-ddb5-4fa4-a97d-d965ccfc6d4b" outcome="Passed" testListId="8c84fa94-04c1-424b-9868-57a2d4851a1d" relativeResultsDirectory="132759b8-c54b-42e9-9b1d-bba26ebad9f9" />
    <UnitTestResult executionId="b1db986c-ce9f-4964-bff2-0e078361e126" testId="162451ae-dcc8-a136-aa55-a88f72afd155" testName="BioTwin_AI.Tests.Services.AgentServiceTests.AnswerQuestionAsync_WithEmptySearchResults_ReturnsFallbackMessage" computerName="LNGSHAL-569" duration="00:00:00.4146964" startTime="2026-05-08T17:55:56.7034140+08:00" endTime="2026-05-08T17:55:56.7034153+08:00" testType="13cdc9d9-ddb5-4fa4-a97d-d965ccfc6d4b" outcome="Passed" testListId="8c84fa94-04c1-424b-9868-57a2d4851a1d" relativeResultsDirectory="b1db986c-ce9f-4964-bff2-0e078361e126" />
    <UnitTestResult executionId="aba1799b-ac43-41bd-a44f-ba94e36418c4" testId="2fc3f0c2-5c44-9dc3-7a8d-4ff2b68a38a1" testName="BioTwin_AI.Tests.Integration.MultiTenantIntegrationTests.ResumeEntry_WithEmbedding_PersistsCorrectly" computerName="LNGSHAL-569" duration="00:00:00.0334331" startTime="2026-05-08T17:55:57.6313964+08:00" endTime="2026-05-08T17:55:57.6313976+08:00" testType="13cdc9d9-ddb5-4fa4-a97d-d965ccfc6d4b" outcome="Passed" testListId="8c84fa94-04c1-424b-9868-57a2d4851a1d" relativeResultsDirectory="aba1799b-ac43-41bd-a44f-ba94e36418c4" />
    <UnitTestResult executionId="6b77a1a6-f455-4218-ad59-b32a648116b6" testId="77e1babc-a811-79ab-253f-0129b3247fba" testName="BioTwin_AI.Tests.Services.AgentServiceTests.AnswerQuestionAsync_InterviewerUsesThirdPersonPrompt" computerName="LNGSHAL-569" duration="00:00:00.0176640" startTime="2026-05-08T17:55:56.7212174+08:00" endTime="2026-05-08T17:55:56.7212185+08:00" testType="13cdc9d9-ddb5-4fa4-a97d-d965ccfc6d4b" outcome="Passed" testListId="8c84fa94-04c1-424b-9868-57a2d4851a1d" relativeResultsDirectory="6b77a1a6-f455-4218-ad59-b32a648116b6" />
    <UnitTestResult executionId="b3a01c68-9c23-4920-b875-f464d1ef6d69" testId="d51fd7c0-0c6c-76fb-4521-87dbe7c51ab8" testName="BioTwin_AI.Tests.Services.AuthServiceTests.RegisterAsync_NormalizeUsernameToLowercase" computerName="LNGSHAL-569" duration="00:00:00.0194314" startTime="2026-05-08T17:55:57.7778191+08:00" endTime="2026-05-08T17:55:57.7778195+08:00" testType="13cdc9d9-ddb5-4fa4-a97d-d965ccfc6d4b" outcome="Passed" testListId="8c84fa94-04c1-424b-9868-57a2d4851a1d" relativeResultsDirectory="b3a01c68-9c23-4920-b875-f464d1ef6d69" />
    <UnitTestResult executionId="a76a3b64-47c4-4182-9bd5-5bb57385845c" testId="715dfa34-8935-c3af-9945-05518dc91ec5" testName="BioTwin_AI.Tests.Services.RagServiceTests.CreateEmbeddingPayloadAsync_CallsEmbeddingService" computerName="LNGSHAL-569" duration="00:00:00.0127226" startTime="2026-05-08T17:55:57.6139118+08:00" endTime="2026-05-08T17:55:57.6139125+08:00" testType="13cdc9d9-ddb5-4fa4-a97d-d965ccfc6d4b" outcome="Passed" testListId="8c84fa94-04c1-424b-9868-57a2d4851a1d" relativeResultsDirectory="a76a3b64-47c4-4182-9bd5-5bb57385845c" />
    <UnitTestResult executionId="c803e1a0-babe-4ea2-a90d-228fa54e6b94" testId="18c42583-74cc-11c3-d277-ad6c308d87b8" testName="BioTwin_AI.Tests.Integration.MultiTenantIntegrationTests.ResumeEntry_MultiTenantIsolation" computerName="LNGSHAL-569" duration="00:00:00.0414558" startTime="2026-05-08T17:55:57.6730309+08:00" endTime="2026-05-08T17:55:57.6730316+08:00" testType="13cdc9d9-ddb5-4fa4-a97d-d965ccfc6d4b" outcome="Passed" testListId="8c84fa94-04c1-424b-9868-57a2d4851a1d" relativeResultsDirectory="c803e1a0-babe-4ea2-a90d-228fa54e6b94" />
    <UnitTestResult executionId="a95f7402-ab4a-48ae-86b7-66f0cf44bd02" testId="c79ed235-6088-852f-d4a0-6676c7eca7cf" testName="BioTwin_AI.Tests.Services.AgentServiceTests.AnswerQuestionAsync_LogsQuestion" computerName="LNGSHAL-569" duration="00:00:00.0332807" startTime="2026-05-08T17:55:56.7546878+08:00" endTime="2026-05-08T17:55:56.7546890+08:00" testType="13cdc9d9-ddb5-4fa4-a97d-d965ccfc6d4b" outcome="Passed" testListId="8c84fa94-04c1-424b-9868-57a2d4851a1d" relativeResultsDirectory="a95f7402-ab4a-48ae-86b7-66f0cf44bd02" />
    <UnitTestResult executionId="ba03f512-b807-4d41-b655-4f7599566586" testId="6b558ee7-297c-3458-8519-0a8f8dbad6f6" testName="BioTwin_AI.Tests.Services.CurrentUserSessionTests.SignOut_ClearsSessionState" computerName="LNGSHAL-569" duration="00:00:00.0007605" startTime="2026-05-08T17:55:56.4176194+08:00" endTime="2026-05-08T17:55:56.4176199+08:00" testType="13cdc9d9-ddb5-4fa4-a97d-d965ccfc6d4b" outcome="Passed" testListId="8c84fa94-04c1-424b-9868-57a2d4851a1d" relativeResultsDirectory="ba03f512-b807-4d41-b655-4f7599566586" />
    <UnitTestResult executionId="e1f303f9-6742-4b3e-8162-32a1995b7ba9" testId="cccb1625-b39c-7bd9-2233-0bbf12428dcf" testName="BioTwin_AI.Tests.Services.AuthServiceTests.LoginAsync_WithValidCredentials_SignsInUser" computerName="LNGSHAL-569" duration="00:00:00.0401978" startTime="2026-05-08T17:55:57.7563583+08:00" endTime="2026-05-08T17:55:57.7563588+08:00" testType="13cdc9d9-ddb5-4fa4-a97d-d965ccfc6d4b" outcome="Passed" testListId="8c84fa94-04c1-424b-9868-57a2d4851a1d" relativeResultsDirectory="e1f303f9-6742-4b3e-8162-32a1995b7ba9" />
    <UnitTestResult executionId="c56bc72b-8ea0-437d-839f-fc8a42e6ef44" testId="1f26a6eb-c8ba-4748-366b-66e2124bdc24" testName="BioTwin_AI.Tests.Services.CurrentUserSessionTests.SignIn_WithCandidateRole_SetsUsernameAndRole" computerName="LNGSHAL-569" duration="00:00:00.0003542" startTime="2026-05-08T17:55:56.3257123+08:00" endTime="2026-05-08T17:55:56.3257127+08:00" testType="13cdc9d9-ddb5-4fa4-a97d-d965ccfc6d4b" outcome="Passed" testListId="8c84fa94-04c1-424b-9868-57a2d4851a1d" relativeResultsDirectory="c56bc72b-8ea0-437d-839f-fc8a42e6ef44" />
    <UnitTestResult executionId="3f43d716-bda0-4567-b3f4-4a21339ba913" testId="8d8bfb68-ae59-761b-fb59-5c71abd1a620" testName="BioTwin_AI.Tests.Services.AuthServiceTests.RegisterAsync_WithMissingUsername_ReturnsFalse" computerName="LNGSHAL-569" duration="00:00:00.8878105" startTime="2026-05-08T17:55:57.1763176+08:00" endTime="2026-05-08T17:55:57.1763181+08:00" testType="13cdc9d9-ddb5-4fa4-a97d-d965ccfc6d4b" outcome="Passed" testListId="8c84fa94-04c1-424b-9868-57a2d4851a1d" relativeResultsDirectory="3f43d716-bda0-4567-b3f4-4a21339ba913" />
    <UnitTestResult executionId="96b33d45-3f0f-474e-97c9-85cbbbf9aa10" testId="4369afb1-30d2-a021-2111-036f509ab3f1" testName="BioTwin_AI.Tests.Services.RagServiceTests.SearchAsync_InterviewerCanSearchAllResumes" computerName="LNGSHAL-569" duration="00:00:00.0129157" startTime="2026-05-08T17:55:57.6905943+08:00" endTime="2026-05-08T17:55:57.6905949+08:00" testType="13cdc9d9-ddb5-4fa4-a97d-d965ccfc6d4b" outcome="Passed" testListId="8c84fa94-04c1-424b-9868-57a2d4851a1d" relativeResultsDirectory="96b33d45-3f0f-474e-97c9-85cbbbf9aa10" />
    <UnitTestResult executionId="3825c3d6-6c13-4465-ace1-c0aad0ebe7e5" testId="386fa5a3-2d51-1bcd-ea28-75699e6db06b" testName="BioTwin_AI.Tests.Services.CurrentUserSessionTests.SignIn_DefaultRoleIsCandidateWhenNotSpecified" computerName="LNGSHAL-569" duration="00:00:00.0002739" startTime="2026-05-08T17:55:56.3259544+08:00" endTime="2026-05-08T17:55:56.3259546+08:00" testType="13cdc9d9-ddb5-4fa4-a97d-d965ccfc6d4b" outcome="Passed" testListId="8c84fa94-04c1-424b-9868-57a2d4851a1d" relativeResultsDirectory="3825c3d6-6c13-4465-ace1-c0aad0ebe7e5" />
    <UnitTestResult executionId="484ee5c3-fdda-41f9-bc24-d46dbfcbf9a9" testId="40fec132-9689-0aaf-bbc8-e970385073b4" testName="BioTwin_AI.Tests.Integration.MultiTenantIntegrationTests.ResumeEntry_OrderByCreatedAt" computerName="LNGSHAL-569" duration="00:00:01.3037674" startTime="2026-05-08T17:55:57.5922805+08:00" endTime="2026-05-08T17:55:57.5922810+08:00" testType="13cdc9d9-ddb5-4fa4-a97d-d965ccfc6d4b" outcome="Passed" testListId="8c84fa94-04c1-424b-9868-57a2d4851a1d" relativeResultsDirectory="484ee5c3-fdda-41f9-bc24-d46dbfcbf9a9" />
    <UnitTestResult executionId="3c9ecd86-8a7b-4d86-9265-1e398cf6db8b" testId="c6b8c57a-77e6-a8e1-d40d-0a49284b503d" testName="BioTwin_AI.Tests.Services.CurrentUserSessionTests.DefaultRole_IsCandidate" computerName="LNGSHAL-569" duration="00:00:00.0002895" startTime="2026-05-08T17:55:56.4189717+08:00" endTime="2026-05-08T17:55:56.4189721+08:00" testType="13cdc9d9-ddb5-4fa4-a97d-d965ccfc6d4b" outcome="Passed" testListId="8c84fa94-04c1-424b-9868-57a2d4851a1d" relativeResultsDirectory="3c9ecd86-8a7b-4d86-9265-1e398cf6db8b" />
    <UnitTestResult executionId="57d12253-1740-4e37-99f9-9568633f1732" testId="38e5db1e-fcea-d760-0f45-a36c89809547" testName="BioTwin_AI.Tests.Services.RagServiceTests.SearchAsync_RespectLimitParameter" computerName="LNGSHAL-569" duration="00:00:01.3124892" startTime="2026-05-08T17:55:57.6010482+08:00" endTime="2026-05-08T17:55:57.6010491+08:00" testType="13cdc9d9-ddb5-4fa4-a97d-d965ccfc6d4b" outcome="Passed" testListId="8c84fa94-04c1-424b-9868-57a2d4851a1d" relativeResultsDirectory="57d12253-1740-4e37-99f9-9568633f1732" />
    <UnitTestResult executionId="7db0d687-28d1-49c7-a115-2960a94ab28b" testId="e186668a-4087-180c-4549-e46e837d1d98" testName="BioTwin_AI.Tests.Services.CurrentUserSessionTests.SignIn_WithInterviewerRole_SetsUsernameAndRole" computerName="LNGSHAL-569" duration="00:00:00.0237035" startTime="2026-05-08T17:55:56.3239852+08:00" endTime="2026-05-08T17:55:56.3239861+08:00" testType="13cdc9d9-ddb5-4fa4-a97d-d965ccfc6d4b" outcome="Passed" testListId="8c84fa94-04c1-424b-9868-57a2d4851a1d" relativeResultsDirectory="7db0d687-28d1-49c7-a115-2960a94ab28b" />
    <UnitTestResult executionId="a44b3aa8-507d-452f-a4d5-ed61c540337b" testId="67f6b468-ff36-21d4-b4a8-e928dfb2f764" testName="BioTwin_AI.Tests.Services.AuthServiceTests.Logout_ClearsUserSession" computerName="LNGSHAL-569" duration="00:00:00.0006500" startTime="2026-05-08T17:55:57.7570867+08:00" endTime="2026-05-08T17:55:57.7570869+08:00" testType="13cdc9d9-ddb5-4fa4-a97d-d965ccfc6d4b" outcome="Passed" testListId="8c84fa94-04c1-424b-9868-57a2d4851a1d" relativeResultsDirectory="a44b3aa8-507d-452f-a4d5-ed61c540337b" />
    <UnitTestResult executionId="f1c3fcae-b133-4997-b151-6d703660b5cd" testId="169e923f-682f-3846-4cfd-30bfb4f6c187" testName="BioTwin_AI.Tests.Services.AuthServiceTests.RegisterAsync_WithDuplicateUsername_ReturnsFalse" computerName="LNGSHAL-569" duration="00:00:00.4450099" startTime="2026-05-08T17:55:57.6215427+08:00" endTime="2026-05-08T17:55:57.6215432+08:00" testType="13cdc9d9-ddb5-4fa4-a97d-d965ccfc6d4b" outcome="Passed" testListId="8c84fa94-04c1-424b-9868-57a2d4851a1d" relativeResultsDirectory="f1c3fcae-b133-4997-b151-6d703660b5cd" />
    <UnitTestResult executionId="042a9c35-54d3-45db-b411-8cb9a1890ee7" testId="f8998a57-c59f-2202-64a0-79b07a610a44" testName="BioTwin_AI.Tests.Services.CurrentUserSessionTests.Changed_EventFiredOnSignIn" computerName="LNGSHAL-569" duration="00:00:00.0080026" startTime="2026-05-08T17:55:56.3258646+08:00" endTime="2026-05-08T17:55:56.3258649+08:00" testType="13cdc9d9-ddb5-4fa4-a97d-d965ccfc6d4b" outcome="Passed" testListId="8c84fa94-04c1-424b-9868-57a2d4851a1d" relativeResultsDirectory="042a9c35-54d3-45db-b411-8cb9a1890ee7" />
    <UnitTestResult executionId="1bc15013-426d-4c34-b891-0f98f4cf0276" testId="1f6a112c-84ef-7358-8166-a568457da070" testName="BioTwin_AI.Tests.Integration.MultiTenantIntegrationTests.UserAccount_UniqueUsernameConstraint" computerName="LNGSHAL-569" duration="00:00:00.0052795" startTime="2026-05-08T17:55:57.5977168+08:00" endTime="2026-05-08T17:55:57.5977177+08:00" testType="13cdc9d9-ddb5-4fa4-a97d-d965ccfc6d4b" outcome="Passed" testListId="8c84fa94-04c1-424b-9868-57a2d4851a1d" relativeResultsDirectory="1bc15013-426d-4c34-b891-0f98f4cf0276" />
    <UnitTestResult executionId="3df405fc-e336-4eee-b1ef-a5397774d80c" testId="3fe3c835-ec4b-6fc3-2af0-17ca8fc51bf2" testName="BioTwin_AI.Tests.Services.RagServiceTests.InitializeAsync_LogsRagInitialization" computerName="LNGSHAL-569" duration="00:00:00.0218389" startTime="2026-05-08T17:55:57.6359343+08:00" endTime="2026-05-08T17:55:57.6359349+08:00" testType="13cdc9d9-ddb5-4fa4-a97d-d965ccfc6d4b" outcome="Passed" testListId="8c84fa94-04c1-424b-9868-57a2d4851a1d" relativeResultsDirectory="3df405fc-e336-4eee-b1ef-a5397774d80c" />
    <UnitTestResult executionId="de78f5ff-562f-4dae-bf72-8315efad6073" testId="4eeb18b6-879f-46bf-2039-8e3fef748dd5" testName="BioTwin_AI.Tests.Services.CurrentUserSessionTests.InterviewerLogin_GeneratesUniqueAnonymousSession" computerName="LNGSHAL-569" duration="00:00:00.0071673" startTime="2026-05-08T17:55:56.4188275+08:00" endTime="2026-05-08T17:55:56.4188279+08:00" testType="13cdc9d9-ddb5-4fa4-a97d-d965ccfc6d4b" outcome="Passed" testListId="8c84fa94-04c1-424b-9868-57a2d4851a1d" relativeResultsDirectory="de78f5ff-562f-4dae-bf72-8315efad6073" />
    <UnitTestResult executionId="9fcfa36d-a56e-4dea-be17-b8095d360a2b" testId="a3acd63a-623e-03f9-0caa-b47b4617f6c3" testName="BioTwin_AI.Tests.Services.RagServiceTests.SearchAsync_ReturnsEmptyListWhenNoMatches" computerName="LNGSHAL-569" duration="00:00:00.0042467" startTime="2026-05-08T17:55:57.6774994+08:00" endTime="2026-05-08T17:55:57.6774999+08:00" testType="13cdc9d9-ddb5-4fa4-a97d-d965ccfc6d4b" outcome="Passed" testListId="8c84fa94-04c1-424b-9868-57a2d4851a1d" relativeResultsDirectory="9fcfa36d-a56e-4dea-be17-b8095d360a2b" />
    <UnitTestResult executionId="887bc395-b595-408e-bcd1-8c815b766b17" testId="4c40ac2f-d47f-e102-5efc-2de583eb12e2" testName="BioTwin_AI.Tests.Services.SimpleTest.TestBasic" computerName="LNGSHAL-569" duration="00:00:00.0099962" startTime="2026-05-08T17:55:56.3098440+08:00" endTime="2026-05-08T17:55:56.3101969+08:00" testType="13cdc9d9-ddb5-4fa4-a97d-d965ccfc6d4b" outcome="Passed" testListId="8c84fa94-04c1-424b-9868-57a2d4851a1d" relativeResultsDirectory="887bc395-b595-408e-bcd1-8c815b766b17" />
  </Results>
  <TestDefinitions>
    <UnitTest name="BioTwin_AI.Tests.Integration.MultiTenantIntegrationTests.ResumeEntry_MultiTenantIsolation" storage="c:\source\repos\biotwin_ai\tests\biotwin_ai.tests\bin\debug\net10.0\biotwin_ai.tests.dll" id="18c42583-74cc-11c3-d277-ad6c308d87b8">
      <Execution id="c803e1a0-babe-4ea2-a90d-228fa54e6b94" />
      <TestMethod codeBase="C:\Source\Repos\BioTwin_AI\tests\BioTwin_AI.Tests\bin\Debug\net10.0\BioTwin_AI.Tests.dll" adapterTypeName="executor://xunit/VsTestRunner2/netcoreapp" className="BioTwin_AI.Tests.Integration.MultiTenantIntegrationTests" name="ResumeEntry_MultiTenantIsolation" />
    </UnitTest>
    <UnitTest name="BioTwin_AI.Tests.Services.AuthServiceTests.LoginAsync_WithNonexistentUser_ReturnsFalse" storage="c:\source\repos\biotwin_ai\tests\biotwin_ai.tests\bin\debug\net10.0\biotwin_ai.tests.dll" id="9162d907-4011-f8de-5ee0-345250c64078">
      <Execution id="9534937b-b042-4776-87bb-971c21824c7a" />
      <TestMethod codeBase="C:\Source\Repos\BioTwin_AI\tests\BioTwin_AI.Tests\bin\Debug\net10.0\BioTwin_AI.Tests.dll" adapterTypeName="executor://xunit/VsTestRunner2/netcoreapp" className="BioTwin_AI.Tests.Services.AuthServiceTests" name="LoginAsync_WithNonexistentUser_ReturnsFalse" />
    </UnitTest>
    <UnitTest name="BioTwin_AI.Tests.Services.AuthServiceTests.Logout_ClearsUserSession" storage="c:\source\repos\biotwin_ai\tests\biotwin_ai.tests\bin\debug\net10.0\biotwin_ai.tests.dll" id="67f6b468-ff36-21d4-b4a8-e928dfb2f764">
      <Execution id="a44b3aa8-507d-452f-a4d5-ed61c540337b" />
      <TestMethod codeBase="C:\Source\Repos\BioTwin_AI\tests\BioTwin_AI.Tests\bin\Debug\net10.0\BioTwin_AI.Tests.dll" adapterTypeName="executor://xunit/VsTestRunner2/netcoreapp" className="BioTwin_AI.Tests.Services.AuthServiceTests" name="Logout_ClearsUserSession" />
    </UnitTest>
    <UnitTest name="BioTwin_AI.Tests.Services.RagServiceTests.InitializeAsync_LogsRagInitialization" storage="c:\source\repos\biotwin_ai\tests\biotwin_ai.tests\bin\debug\net10.0\biotwin_ai.tests.dll" id="3fe3c835-ec4b-6fc3-2af0-17ca8fc51bf2">
      <Execution id="3df405fc-e336-4eee-b1ef-a5397774d80c" />
      <TestMethod codeBase="C:\Source\Repos\BioTwin_AI\tests\BioTwin_AI.Tests\bin\Debug\net10.0\BioTwin_AI.Tests.dll" adapterTypeName="executor://xunit/VsTestRunner2/netcoreapp" className="BioTwin_AI.Tests.Services.RagServiceTests" name="InitializeAsync_LogsRagInitialization" />
    </UnitTest>
    <UnitTest name="BioTwin_AI.Tests.Services.CurrentUserSessionTests.SignIn_WithCandidateRole_SetsUsernameAndRole" storage="c:\source\repos\biotwin_ai\tests\biotwin_ai.tests\bin\debug\net10.0\biotwin_ai.tests.dll" id="1f26a6eb-c8ba-4748-366b-66e2124bdc24">
      <Execution id="c56bc72b-8ea0-437d-839f-fc8a42e6ef44" />
      <TestMethod codeBase="C:\Source\Repos\BioTwin_AI\tests\BioTwin_AI.Tests\bin\Debug\net10.0\BioTwin_AI.Tests.dll" adapterTypeName="executor://xunit/VsTestRunner2/netcoreapp" className="BioTwin_AI.Tests.Services.CurrentUserSessionTests" name="SignIn_WithCandidateRole_SetsUsernameAndRole" />
    </UnitTest>
    <UnitTest name="BioTwin_AI.Tests.Services.CurrentUserSessionTests.SignOut_ClearsSessionState" storage="c:\source\repos\biotwin_ai\tests\biotwin_ai.tests\bin\debug\net10.0\biotwin_ai.tests.dll" id="6b558ee7-297c-3458-8519-0a8f8dbad6f6">
      <Execution id="ba03f512-b807-4d41-b655-4f7599566586" />
      <TestMethod codeBase="C:\Source\Repos\BioTwin_AI\tests\BioTwin_AI.Tests\bin\Debug\net10.0\BioTwin_AI.Tests.dll" adapterTypeName="executor://xunit/VsTestRunner2/netcoreapp" className="BioTwin_AI.Tests.Services.CurrentUserSessionTests" name="SignOut_ClearsSessionState" />
    </UnitTest>
    <UnitTest name="BioTwin_AI.Tests.Integration.MultiTenantIntegrationTests.UserAccount_UniqueUsernameConstraint" storage="c:\source\repos\biotwin_ai\tests\biotwin_ai.tests\bin\debug\net10.0\biotwin_ai.tests.dll" id="1f6a112c-84ef-7358-8166-a568457da070">
      <Execution id="1bc15013-426d-4c34-b891-0f98f4cf0276" />
      <TestMethod codeBase="C:\Source\Repos\BioTwin_AI\tests\BioTwin_AI.Tests\bin\Debug\net10.0\BioTwin_AI.Tests.dll" adapterTypeName="executor://xunit/VsTestRunner2/netcoreapp" className="BioTwin_AI.Tests.Integration.MultiTenantIntegrationTests" name="UserAccount_UniqueUsernameConstraint" />
    </UnitTest>
    <UnitTest name="BioTwin_AI.Tests.Integration.MultiTenantIntegrationTests.ResumeEntry_WithEmbedding_PersistsCorrectly" storage="c:\source\repos\biotwin_ai\tests\biotwin_ai.tests\bin\debug\net10.0\biotwin_ai.tests.dll" id="2fc3f0c2-5c44-9dc3-7a8d-4ff2b68a38a1">
      <Execution id="aba1799b-ac43-41bd-a44f-ba94e36418c4" />
      <TestMethod codeBase="C:\Source\Repos\BioTwin_AI\tests\BioTwin_AI.Tests\bin\Debug\net10.0\BioTwin_AI.Tests.dll" adapterTypeName="executor://xunit/VsTestRunner2/netcoreapp" className="BioTwin_AI.Tests.Integration.MultiTenantIntegrationTests" name="ResumeEntry_WithEmbedding_PersistsCorrectly" />
    </UnitTest>
    <UnitTest name="BioTwin_AI.Tests.Services.AuthServiceTests.RegisterAsync_WithValidCredentials_CreatesUserAndSignsIn" storage="c:\source\repos\biotwin_ai\tests\biotwin_ai.tests\bin\debug\net10.0\biotwin_ai.tests.dll" id="f8388b8e-7013-91dc-bcb2-3641bc193a07">
      <Execution id="6fa68b15-b3ae-4141-9c85-ce4bae389d86" />
      <TestMethod codeBase="C:\Source\Repos\BioTwin_AI\tests\BioTwin_AI.Tests\bin\Debug\net10.0\BioTwin_AI.Tests.dll" adapterTypeName="executor://xunit/VsTestRunner2/netcoreapp" className="BioTwin_AI.Tests.Services.AuthServiceTests" name="RegisterAsync_WithValidCredentials_CreatesUserAndSignsIn" />
    </UnitTest>
    <UnitTest name="BioTwin_AI.Tests.Services.RagServiceTests.SearchAsync_ReturnsEmptyListWhenNoMatches" storage="c:\source\repos\biotwin_ai\tests\biotwin_ai.tests\bin\debug\net10.0\biotwin_ai.tests.dll" id="a3acd63a-623e-03f9-0caa-b47b4617f6c3">
      <Execution id="9fcfa36d-a56e-4dea-be17-b8095d360a2b" />
      <TestMethod codeBase="C:\Source\Repos\BioTwin_AI\tests\BioTwin_AI.Tests\bin\Debug\net10.0\BioTwin_AI.Tests.dll" adapterTypeName="executor://xunit/VsTestRunner2/netcoreapp" className="BioTwin_AI.Tests.Services.RagServiceTests" name="SearchAsync_ReturnsEmptyListWhenNoMatches" />
    </UnitTest>
    <UnitTest name="BioTwin_AI.Tests.Services.AuthServiceTests.RegisterAsync_WithMissingUsername_ReturnsFalse" storage="c:\source\repos\biotwin_ai\tests\biotwin_ai.tests\bin\debug\net10.0\biotwin_ai.tests.dll" id="8d8bfb68-ae59-761b-fb59-5c71abd1a620">
      <Execution id="3f43d716-bda0-4567-b3f4-4a21339ba913" />
      <TestMethod codeBase="C:\Source\Repos\BioTwin_AI\tests\BioTwin_AI.Tests\bin\Debug\net10.0\BioTwin_AI.Tests.dll" adapterTypeName="executor://xunit/VsTestRunner2/netcoreapp" className="BioTwin_AI.Tests.Services.AuthServiceTests" name="RegisterAsync_WithMissingUsername_ReturnsFalse" />
    </UnitTest>
    <UnitTest name="BioTwin_AI.Tests.Services.SimpleTest.TestBasic" storage="c:\source\repos\biotwin_ai\tests\biotwin_ai.tests\bin\debug\net10.0\biotwin_ai.tests.dll" id="4c40ac2f-d47f-e102-5efc-2de583eb12e2">
      <Execution id="887bc395-b595-408e-bcd1-8c815b766b17" />
      <TestMethod codeBase="C:\Source\Repos\BioTwin_AI\tests\BioTwin_AI.Tests\bin\Debug\net10.0\BioTwin_AI.Tests.dll" adapterTypeName="executor://xunit/VsTestRunner2/netcoreapp" className="BioTwin_AI.Tests.Services.SimpleTest" name="TestBasic" />
    </UnitTest>
    <UnitTest name="BioTwin_AI.Tests.Services.AuthServiceTests.RegisterAsync_NormalizeUsernameToLowercase" storage="c:\source\repos\biotwin_ai\tests\biotwin_ai.tests\bin\debug\net10.0\biotwin_ai.tests.dll" id="d51fd7c0-0c6c-76fb-4521-87dbe7c51ab8">
      <Execution id="b3a01c68-9c23-4920-b875-f464d1ef6d69" />
      <TestMethod codeBase="C:\Source\Repos\BioTwin_AI\tests\BioTwin_AI.Tests\bin\Debug\net10.0\BioTwin_AI.Tests.dll" adapterTypeName="executor://xunit/VsTestRunner2/netcoreapp" className="BioTwin_AI.Tests.Services.AuthServiceTests" name="RegisterAsync_NormalizeUsernameToLowercase" />
    </UnitTest>
    <UnitTest name="BioTwin_AI.Tests.Services.AgentServiceTests.AnswerQuestionAsync_WithEmptySearchResults_ReturnsFallbackMessage" storage="c:\source\repos\biotwin_ai\tests\biotwin_ai.tests\bin\debug\net10.0\biotwin_ai.tests.dll" id="162451ae-dcc8-a136-aa55-a88f72afd155">
      <Execution id="b1db986c-ce9f-4964-bff2-0e078361e126" />
      <TestMethod codeBase="C:\Source\Repos\BioTwin_AI\tests\BioTwin_AI.Tests\bin\Debug\net10.0\BioTwin_AI.Tests.dll" adapterTypeName="executor://xunit/VsTestRunner2/netcoreapp" className="BioTwin_AI.Tests.Services.AgentServiceTests" name="AnswerQuestionAsync_WithEmptySearchResults_ReturnsFallbackMessage" />
    </UnitTest>
    <UnitTest name="BioTwin_AI.Tests.Services.AuthServiceTests.LoginAsync_WithValidCredentials_SignsInUser" storage="c:\source\repos\biotwin_ai\tests\biotwin_ai.tests\bin\debug\net10.0\biotwin_ai.tests.dll" id="cccb1625-b39c-7bd9-2233-0bbf12428dcf">
      <Execution id="e1f303f9-6742-4b3e-8162-32a1995b7ba9" />
      <TestMethod codeBase="C:\Source\Repos\BioTwin_AI\tests\BioTwin_AI.Tests\bin\Debug\net10.0\BioTwin_AI.Tests.dll" adapterTypeName="executor://xunit/VsTestRunner2/netcoreapp" className="BioTwin_AI.Tests.Services.AuthServiceTests" name="LoginAsync_WithValidCredentials_SignsInUser" />
    </UnitTest>
    <UnitTest name="BioTwin_AI.Tests.Services.CurrentUserSessionTests.DefaultRole_IsCandidate" storage="c:\source\repos\biotwin_ai\tests\biotwin_ai.tests\bin\debug\net10.0\biotwin_ai.tests.dll" id="c6b8c57a-77e6-a8e1-d40d-0a49284b503d">
      <Execution id="3c9ecd86-8a7b-4d86-9265-1e398cf6db8b" />
      <TestMethod codeBase="C:\Source\Repos\BioTwin_AI\tests\BioTwin_AI.Tests\bin\Debug\net10.0\BioTwin_AI.Tests.dll" adapterTypeName="executor://xunit/VsTestRunner2/netcoreapp" className="BioTwin_AI.Tests.Services.CurrentUserSessionTests" name="DefaultRole_IsCandidate" />
    </UnitTest>
    <UnitTest name="BioTwin_AI.Tests.Services.CurrentUserSessionTests.SignIn_WithInterviewerRole_SetsUsernameAndRole" storage="c:\source\repos\biotwin_ai\tests\biotwin_ai.tests\bin\debug\net10.0\biotwin_ai.tests.dll" id="e186668a-4087-180c-4549-e46e837d1d98">
      <Execution id="7db0d687-28d1-49c7-a115-2960a94ab28b" />
      <TestMethod codeBase="C:\Source\Repos\BioTwin_AI\tests\BioTwin_AI.Tests\bin\Debug\net10.0\BioTwin_AI.Tests.dll" adapterTypeName="executor://xunit/VsTestRunner2/netcoreapp" className="BioTwin_AI.Tests.Services.CurrentUserSessionTests" name="SignIn_WithInterviewerRole_SetsUsernameAndRole" />
    </UnitTest>
    <UnitTest name="BioTwin_AI.Tests.Services.AuthServiceTests.LoginAsync_WithIncorrectPassword_ReturnsFalse" storage="c:\source\repos\biotwin_ai\tests\biotwin_ai.tests\bin\debug\net10.0\biotwin_ai.tests.dll" id="b3784af2-7d06-c30c-96b4-a3e9870693b2">
      <Execution id="cdccd3b6-b735-4d82-a796-a2feaba3fb21" />
      <TestMethod codeBase="C:\Source\Repos\BioTwin_AI\tests\BioTwin_AI.Tests\bin\Debug\net10.0\BioTwin_AI.Tests.dll" adapterTypeName="executor://xunit/VsTestRunner2/netcoreapp" className="BioTwin_AI.Tests.Services.AuthServiceTests" name="LoginAsync_WithIncorrectPassword_ReturnsFalse" />
    </UnitTest>
    <UnitTest name="BioTwin_AI.Tests.Services.AgentServiceTests.AnswerQuestionAsync_InterviewerUsesThirdPersonPrompt" storage="c:\source\repos\biotwin_ai\tests\biotwin_ai.tests\bin\debug\net10.0\biotwin_ai.tests.dll" id="77e1babc-a811-79ab-253f-0129b3247fba">
      <Execution id="6b77a1a6-f455-4218-ad59-b32a648116b6" />
      <TestMethod codeBase="C:\Source\Repos\BioTwin_AI\tests\BioTwin_AI.Tests\bin\Debug\net10.0\BioTwin_AI.Tests.dll" adapterTypeName="executor://xunit/VsTestRunner2/netcoreapp" className="BioTwin_AI.Tests.Services.AgentServiceTests" name="AnswerQuestionAsync_InterviewerUsesThirdPersonPrompt" />
    </UnitTest>
    <UnitTest name="BioTwin_AI.Tests.Services.AuthServiceTests.RegisterAsync_WithDuplicateUsername_ReturnsFalse" storage="c:\source\repos\biotwin_ai\tests\biotwin_ai.tests\bin\debug\net10.0\biotwin_ai.tests.dll" id="169e923f-682f-3846-4cfd-30bfb4f6c187">
      <Execution id="f1c3fcae-b133-4997-b151-6d703660b5cd" />
      <TestMethod codeBase="C:\Source\Repos\BioTwin_AI\tests\BioTwin_AI.Tests\bin\Debug\net10.0\BioTwin_AI.Tests.dll" adapterTypeName="executor://xunit/VsTestRunner2/netcoreapp" className="BioTwin_AI.Tests.Services.AuthServiceTests" name="RegisterAsync_WithDuplicateUsername_ReturnsFalse" />
    </UnitTest>
    <UnitTest name="BioTwin_AI.Tests.Services.CurrentUserSessionTests.Changed_EventFiredOnSignIn" storage="c:\source\repos\biotwin_ai\tests\biotwin_ai.tests\bin\debug\net10.0\biotwin_ai.tests.dll" id="f8998a57-c59f-2202-64a0-79b07a610a44">
      <Execution id="042a9c35-54d3-45db-b411-8cb9a1890ee7" />
      <TestMethod codeBase="C:\Source\Repos\BioTwin_AI\tests\BioTwin_AI.Tests\bin\Debug\net10.0\BioTwin_AI.Tests.dll" adapterTypeName="executor://xunit/VsTestRunner2/netcoreapp" className="BioTwin_AI.Tests.Services.CurrentUserSessionTests" name="Changed_EventFiredOnSignIn" />
    </UnitTest>
    <UnitTest name="BioTwin_AI.Tests.Services.RagServiceTests.SearchAsync_CandidateCanOnlySearchOwnResumes" storage="c:\source\repos\biotwin_ai\tests\biotwin_ai.tests\bin\debug\net10.0\biotwin_ai.tests.dll" id="67fd6895-627f-d618-6023-f7ba3688774e">
      <Execution id="875464bd-3d7a-4864-a798-aed0b522f1e4" />
      <TestMethod codeBase="C:\Source\Repos\BioTwin_AI\tests\BioTwin_AI.Tests\bin\Debug\net10.0\BioTwin_AI.Tests.dll" adapterTypeName="executor://xunit/VsTestRunner2/netcoreapp" className="BioTwin_AI.Tests.Services.RagServiceTests" name="SearchAsync_CandidateCanOnlySearchOwnResumes" />
    </UnitTest>
    <UnitTest name="BioTwin_AI.Tests.Services.RagServiceTests.SearchAsync_RespectLimitParameter" storage="c:\source\repos\biotwin_ai\tests\biotwin_ai.tests\bin\debug\net10.0\biotwin_ai.tests.dll" id="38e5db1e-fcea-d760-0f45-a36c89809547">
      <Execution id="57d12253-1740-4e37-99f9-9568633f1732" />
      <TestMethod codeBase="C:\Source\Repos\BioTwin_AI\tests\BioTwin_AI.Tests\bin\Debug\net10.0\BioTwin_AI.Tests.dll" adapterTypeName="executor://xunit/VsTestRunner2/netcoreapp" className="BioTwin_AI.Tests.Services.RagServiceTests" name="SearchAsync_RespectLimitParameter" />
    </UnitTest>
    <UnitTest name="BioTwin_AI.Tests.Services.CurrentUserSessionTests.SignIn_DefaultRoleIsCandidateWhenNotSpecified" storage="c:\source\repos\biotwin_ai\tests\biotwin_ai.tests\bin\debug\net10.0\biotwin_ai.tests.dll" id="386fa5a3-2d51-1bcd-ea28-75699e6db06b">
      <Execution id="3825c3d6-6c13-4465-ace1-c0aad0ebe7e5" />
      <TestMethod codeBase="C:\Source\Repos\BioTwin_AI\tests\BioTwin_AI.Tests\bin\Debug\net10.0\BioTwin_AI.Tests.dll" adapterTypeName="executor://xunit/VsTestRunner2/netcoreapp" className="BioTwin_AI.Tests.Services.CurrentUserSessionTests" name="SignIn_DefaultRoleIsCandidateWhenNotSpecified" />
    </UnitTest>
    <UnitTest name="BioTwin_AI.Tests.Services.AgentServiceTests.AnswerQuestionAsync_LogsQuestion" storage="c:\source\repos\biotwin_ai\tests\biotwin_ai.tests\bin\debug\net10.0\biotwin_ai.tests.dll" id="c79ed235-6088-852f-d4a0-6676c7eca7cf">
      <Execution id="a95f7402-ab4a-48ae-86b7-66f0cf44bd02" />
      <TestMethod codeBase="C:\Source\Repos\BioTwin_AI\tests\BioTwin_AI.Tests\bin\Debug\net10.0\BioTwin_AI.Tests.dll" adapterTypeName="executor://xunit/VsTestRunner2/netcoreapp" className="BioTwin_AI.Tests.Services.AgentServiceTests" name="AnswerQuestionAsync_LogsQuestion" />
    </UnitTest>
    <UnitTest name="BioTwin_AI.Tests.Services.AgentServiceTests.AnswerQuestionAsync_CandidateUsesFirstPersonPrompt" storage="c:\source\repos\biotwin_ai\tests\biotwin_ai.tests\bin\debug\net10.0\biotwin_ai.tests.dll" id="87490d1a-e3d2-e1bb-3b6c-9f4a057529a5">
      <Execution id="132759b8-c54b-42e9-9b1d-bba26ebad9f9" />
      <TestMethod codeBase="C:\Source\Repos\BioTwin_AI\tests\BioTwin_AI.Tests\bin\Debug\net10.0\BioTwin_AI.Tests.dll" adapterTypeName="executor://xunit/VsTestRunner2/netcoreapp" className="BioTwin_AI.Tests.Services.AgentServiceTests" name="AnswerQuestionAsync_CandidateUsesFirstPersonPrompt" />
    </UnitTest>
    <UnitTest name="BioTwin_AI.Tests.Services.CurrentUserSessionTests.InterviewerLogin_GeneratesUniqueAnonymousSession" storage="c:\source\repos\biotwin_ai\tests\biotwin_ai.tests\bin\debug\net10.0\biotwin_ai.tests.dll" id="4eeb18b6-879f-46bf-2039-8e3fef748dd5">
      <Execution id="de78f5ff-562f-4dae-bf72-8315efad6073" />
      <TestMethod codeBase="C:\Source\Repos\BioTwin_AI\tests\BioTwin_AI.Tests\bin\Debug\net10.0\BioTwin_AI.Tests.dll" adapterTypeName="executor://xunit/VsTestRunner2/netcoreapp" className="BioTwin_AI.Tests.Services.CurrentUserSessionTests" name="InterviewerLogin_GeneratesUniqueAnonymousSession" />
    </UnitTest>
    <UnitTest name="BioTwin_AI.Tests.Services.RagServiceTests.CreateEmbeddingPayloadAsync_CallsEmbeddingService" storage="c:\source\repos\biotwin_ai\tests\biotwin_ai.tests\bin\debug\net10.0\biotwin_ai.tests.dll" id="715dfa34-8935-c3af-9945-05518dc91ec5">
      <Execution id="a76a3b64-47c4-4182-9bd5-5bb57385845c" />
      <TestMethod codeBase="C:\Source\Repos\BioTwin_AI\tests\BioTwin_AI.Tests\bin\Debug\net10.0\BioTwin_AI.Tests.dll" adapterTypeName="executor://xunit/VsTestRunner2/netcoreapp" className="BioTwin_AI.Tests.Services.RagServiceTests" name="CreateEmbeddingPayloadAsync_CallsEmbeddingService" />
    </UnitTest>
    <UnitTest name="BioTwin_AI.Tests.Services.RagServiceTests.SearchAsync_InterviewerCanSearchAllResumes" storage="c:\source\repos\biotwin_ai\tests\biotwin_ai.tests\bin\debug\net10.0\biotwin_ai.tests.dll" id="4369afb1-30d2-a021-2111-036f509ab3f1">
      <Execution id="96b33d45-3f0f-474e-97c9-85cbbbf9aa10" />
      <TestMethod codeBase="C:\Source\Repos\BioTwin_AI\tests\BioTwin_AI.Tests\bin\Debug\net10.0\BioTwin_AI.Tests.dll" adapterTypeName="executor://xunit/VsTestRunner2/netcoreapp" className="BioTwin_AI.Tests.Services.RagServiceTests" name="SearchAsync_InterviewerCanSearchAllResumes" />
    </UnitTest>
    <UnitTest name="BioTwin_AI.Tests.Integration.MultiTenantIntegrationTests.ResumeEntry_OrderByCreatedAt" storage="c:\source\repos\biotwin_ai\tests\biotwin_ai.tests\bin\debug\net10.0\biotwin_ai.tests.dll" id="40fec132-9689-0aaf-bbc8-e970385073b4">
      <Execution id="484ee5c3-fdda-41f9-bc24-d46dbfcbf9a9" />
      <TestMethod codeBase="C:\Source\Repos\BioTwin_AI\tests\BioTwin_AI.Tests\bin\Debug\net10.0\BioTwin_AI.Tests.dll" adapterTypeName="executor://xunit/VsTestRunner2/netcoreapp" className="BioTwin_AI.Tests.Integration.MultiTenantIntegrationTests" name="ResumeEntry_OrderByCreatedAt" />
    </UnitTest>
  </TestDefinitions>
  <TestEntries>
    <TestEntry testId="b3784af2-7d06-c30c-96b4-a3e9870693b2" executionId="cdccd3b6-b735-4d82-a796-a2feaba3fb21" testListId="8c84fa94-04c1-424b-9868-57a2d4851a1d" />
    <TestEntry testId="9162d907-4011-f8de-5ee0-345250c64078" executionId="9534937b-b042-4776-87bb-971c21824c7a" testListId="8c84fa94-04c1-424b-9868-57a2d4851a1d" />
    <TestEntry testId="f8388b8e-7013-91dc-bcb2-3641bc193a07" executionId="6fa68b15-b3ae-4141-9c85-ce4bae389d86" testListId="8c84fa94-04c1-424b-9868-57a2d4851a1d" />
    <TestEntry testId="67fd6895-627f-d618-6023-f7ba3688774e" executionId="875464bd-3d7a-4864-a798-aed0b522f1e4" testListId="8c84fa94-04c1-424b-9868-57a2d4851a1d" />
    <TestEntry testId="87490d1a-e3d2-e1bb-3b6c-9f4a057529a5" executionId="132759b8-c54b-42e9-9b1d-bba26ebad9f9" testListId="8c84fa94-04c1-424b-9868-57a2d4851a1d" />
    <TestEntry testId="162451ae-dcc8-a136-aa55-a88f72afd155" executionId="b1db986c-ce9f-4964-bff2-0e078361e126" testListId="8c84fa94-04c1-424b-9868-57a2d4851a1d" />
    <TestEntry testId="2fc3f0c2-5c44-9dc3-7a8d-4ff2b68a38a1" executionId="aba1799b-ac43-41bd-a44f-ba94e36418c4" testListId="8c84fa94-04c1-424b-9868-57a2d4851a1d" />
    <TestEntry testId="77e1babc-a811-79ab-253f-0129b3247fba" executionId="6b77a1a6-f455-4218-ad59-b32a648116b6" testListId="8c84fa94-04c1-424b-9868-57a2d4851a1d" />
    <TestEntry testId="d51fd7c0-0c6c-76fb-4521-87dbe7c51ab8" executionId="b3a01c68-9c23-4920-b875-f464d1ef6d69" testListId="8c84fa94-04c1-424b-9868-57a2d4851a1d" />
    <TestEntry testId="715dfa34-8935-c3af-9945-05518dc91ec5" executionId="a76a3b64-47c4-4182-9bd5-5bb57385845c" testListId="8c84fa94-04c1-424b-9868-57a2d4851a1d" />
    <TestEntry testId="18c42583-74cc-11c3-d277-ad6c308d87b8" executionId="c803e1a0-babe-4ea2-a90d-228fa54e6b94" testListId="8c84fa94-04c1-424b-9868-57a2d4851a1d" />
    <TestEntry testId="c79ed235-6088-852f-d4a0-6676c7eca7cf" executionId="a95f7402-ab4a-48ae-86b7-66f0cf44bd02" testListId="8c84fa94-04c1-424b-9868-57a2d4851a1d" />
    <TestEntry testId="6b558ee7-297c-3458-8519-0a8f8dbad6f6" executionId="ba03f512-b807-4d41-b655-4f7599566586" testListId="8c84fa94-04c1-424b-9868-57a2d4851a1d" />
    <TestEntry testId="cccb1625-b39c-7bd9-2233-0bbf12428dcf" executionId="e1f303f9-6742-4b3e-8162-32a1995b7ba9" testListId="8c84fa94-04c1-424b-9868-57a2d4851a1d" />
    <TestEntry testId="1f26a6eb-c8ba-4748-366b-66e2124bdc24" executionId="c56bc72b-8ea0-437d-839f-fc8a42e6ef44" testListId="8c84fa94-04c1-424b-9868-57a2d4851a1d" />
    <TestEntry testId="8d8bfb68-ae59-761b-fb59-5c71abd1a620" executionId="3f43d716-bda0-4567-b3f4-4a21339ba913" testListId="8c84fa94-04c1-424b-9868-57a2d4851a1d" />
    <TestEntry testId="4369afb1-30d2-a021-2111-036f509ab3f1" executionId="96b33d45-3f0f-474e-97c9-85cbbbf9aa10" testListId="8c84fa94-04c1-424b-9868-57a2d4851a1d" />
    <TestEntry testId="386fa5a3-2d51-1bcd-ea28-75699e6db06b" executionId="3825c3d6-6c13-4465-ace1-c0aad0ebe7e5" testListId="8c84fa94-04c1-424b-9868-57a2d4851a1d" />
    <TestEntry testId="40fec132-9689-0aaf-bbc8-e970385073b4" executionId="484ee5c3-fdda-41f9-bc24-d46dbfcbf9a9" testListId="8c84fa94-04c1-424b-9868-57a2d4851a1d" />
    <TestEntry testId="c6b8c57a-77e6-a8e1-d40d-0a49284b503d" executionId="3c9ecd86-8a7b-4d86-9265-1e398cf6db8b" testListId="8c84fa94-04c1-424b-9868-57a2d4851a1d" />
    <TestEntry testId="38e5db1e-fcea-d760-0f45-a36c89809547" executionId="57d12253-1740-4e37-99f9-9568633f1732" testListId="8c84fa94-04c1-424b-9868-57a2d4851a1d" />
    <TestEntry testId="e186668a-4087-180c-4549-e46e837d1d98" executionId="7db0d687-28d1-49c7-a115-2960a94ab28b" testListId="8c84fa94-04c1-424b-9868-57a2d4851a1d" />
    <TestEntry testId="67f6b468-ff36-21d4-b4a8-e928dfb2f764" executionId="a44b3aa8-507d-452f-a4d5-ed61c540337b" testListId="8c84fa94-04c1-424b-9868-57a2d4851a1d" />
    <TestEntry testId="169e923f-682f-3846-4cfd-30bfb4f6c187" executionId="f1c3fcae-b133-4997-b151-6d703660b5cd" testListId="8c84fa94-04c1-424b-9868-57a2d4851a1d" />
    <TestEntry testId="f8998a57-c59f-2202-64a0-79b07a610a44" executionId="042a9c35-54d3-45db-b411-8cb9a1890ee7" testListId="8c84fa94-04c1-424b-9868-57a2d4851a1d" />
    <TestEntry testId="1f6a112c-84ef-7358-8166-a568457da070" executionId="1bc15013-426d-4c34-b891-0f98f4cf0276" testListId="8c84fa94-04c1-424b-9868-57a2d4851a1d" />
    <TestEntry testId="3fe3c835-ec4b-6fc3-2af0-17ca8fc51bf2" executionId="3df405fc-e336-4eee-b1ef-a5397774d80c" testListId="8c84fa94-04c1-424b-9868-57a2d4851a1d" />
    <TestEntry testId="4eeb18b6-879f-46bf-2039-8e3fef748dd5" executionId="de78f5ff-562f-4dae-bf72-8315efad6073" testListId="8c84fa94-04c1-424b-9868-57a2d4851a1d" />
    <TestEntry testId="a3acd63a-623e-03f9-0caa-b47b4617f6c3" executionId="9fcfa36d-a56e-4dea-be17-b8095d360a2b" testListId="8c84fa94-04c1-424b-9868-57a2d4851a1d" />
    <TestEntry testId="4c40ac2f-d47f-e102-5efc-2de583eb12e2" executionId="887bc395-b595-408e-bcd1-8c815b766b17" testListId="8c84fa94-04c1-424b-9868-57a2d4851a1d" />
  </TestEntries>
  <TestLists>
    <TestList name="Results Not in a List" id="8c84fa94-04c1-424b-9868-57a2d4851a1d" />
    <TestList name="All Loaded Results" id="19431567-8539-422a-85d7-44ee4e166bda" />
  </TestLists>
  <ResultSummary outcome="Completed">
    <Counters total="30" executed="30" passed="30" failed="0" error="0" timeout="0" aborted="0" inconclusive="0" passedButRunAborted="0" notRunnable="0" notExecuted="0" disconnected="0" warning="0" completed="0" inProgress="0" pending="0" />
    <Output>
      <StdOut>[xUnit.net 00:00:00.00] xUnit.net VSTest Adapter v2.8.0+6438bb880a (64-bit .NET 10.0.7)&#xD;
[xUnit.net 00:00:00.16]   Discovering: BioTwin_AI.Tests&#xD;
[xUnit.net 00:00:00.24]   Discovered:  BioTwin_AI.Tests&#xD;
[xUnit.net 00:00:00.25]   Starting:    BioTwin_AI.Tests&#xD;
[xUnit.net 00:00:01.85]   Finished:    BioTwin_AI.Tests&#xD;
</StdOut>
    </Output>
  </ResultSummary>
</TestRun>